500
499
218
eai-ejj 1
cja-ejj 1
ege-ejj 1
eie-ejj 1
efe-ejj 1
caa-ejj 1
bii-ejj 1
bac-ejj 1
cee-ejj 1
cdi-ejj 1
chg-ejj 1
ddc-ejj 1
hc-ejj 1
ha-ejj 1
cie-ejj 1
dea-ejj 1
i-ejj 1
bfa-ejj 1
bgg-ejj 1
cjc-ejj 1
ee-ejj 1
fc-ejj 1
bbc-ejj 1
edi-ejj 1
big-ejj 1
dja-ejj 1
cgi-ejj 1
bae-ejj 1
bde-ejj 1
dii-ejj 1
dhe-ejj 1
ehe-ejj 1
hi-ejj 1
dge-ejj 1
ca-ejj 1
eag-ejj 1
bea-ejj 2
cei-ejj 1
he-ejj 1
eg-ejj 1
dhg-ejj 1
dai-ejj 2
bc-ejj 1
ji-ejj 1
bgi-ejj 1
ci-ejj 1
bdc-ejj 1
bba-ejj 1
djg-ejj 1
eja-ejj 1
ec-ejj 1
dac-ejj 1
bic-ejj 1
eii-ejj 1
bi-ejj 1
cac-ejj 1
bee-ejj 1
dag-ejj 1
ccg-ejj 1
bei-ejj 1
dfg-ejj 1
bhc-ejj 1
eji-ejj 1
gg-ejj 1
bha-ejj 1
a-ejj 1
ga-ejj 1
daa-ejj 1
ceg-ejj 1
gc-ejj 1
di-ejj 1
ejc-ejj 1
cii-ejj 1
bfg-ejj 1
dda-ejj 1
ecc-ejj 1
cc-ejj 1
dha-ejj 1
bbg-ejj 1
gi-ejj 1
eac-ejj 1
efc-ejj 1
bhg-ejj 1
dbg-ejj 1
eea-ejj 1
ge-ejj 1
ehi-ejj 1
ccc-ejj 1
ehg-ejj 1
ig-ejj 1
fa-ejj 1
ebc-ejj 1
bhe-ejj 1
bag-ejj 1
dia-ejj 1
dhc-ejj 2
die-ejj 1
eei-ejj 1
ba-ejj 1
cjg-ejj 1
dde-ejj 1
ja-ejj 1
bdi-ejj 1
bjc-ejj 1
dje-ejj 1
bge-ejj 1
eae-ejj 1
bfi-ejj 1
dca-ejj 3
hg-ejj 1
eia-ejj 1
eba-ejj 1
bec-ejj 1
cic-ejj 1
ce-ejj 1
cje-ejj 1
cha-ejj 1
cge-ejj 1
djc-ejj 1
efi-ejj 1
bia-ejj 1
bie-ejj 1
cea-ejj 1
cfa-ejj 1
che-ejj 1
cde-ejj 1
cia-ejj 1
egi-ejj 1
eeg-ejj 1
dei-ejj 1
bai-ejj 1
bje-ejj 1
dee-ejj 1
ddg-ejj 1
dfi-ejj 1
ede-ejj 1
cji-ejj 1
cdg-ejj 1
fe-ejj 1
eje-ejj 1
cbg-ejj 1
bjg-ejj 1
eaa-ejj 1
dce-ejj 1
beg-ejj 1
ebg-ejj 1
dc-ejj 2
je-ejj 1
ece-ejj 1
dhi-ejj 1
ejg-ejj 1
g-ejj 1
ddi-ejj 1
chc-ejj 1
eha-ejj 1
bcg-ejj 2
cci-ejj 1
cgg-ejj 1
ebe-ejj 1
cfg-ejj 1
bdg-ejj 1
cda-ejj 1
cdc-ejj 1
cfi-ejj 1
cae-ejj 1
be-ejj 1
bga-ejj 1
dba-ejj 1
eic-ejj 1
dig-ejj 1
bgc-ejj 1
e-ejj 1
dji-ejj 1
cg-ejj 1
bja-ejj 1
bfc-ejj 1
dci-ejj 1
jg-ejj 1
cec-ejj 1
dcc-ejj 1
cgc-ejj 1
egg-ejj 1
cfc-ejj 1
bbe-ejj 1
fg-ejj 1
cbe-ejj 1
ia-ejj 1
fi-ejj 1
edg-ejj 1
ecg-ejj 1
bfe-ejj 1
ie-ejj 1
eca-ejj 1
edc-ejj 1
bcc-ejj 1
dec-ejj 1
dae-ejj 1
egc-ejj 1
jc-ejj 1
ic-ejj 1
bda-ejj 1
dga-ejj 1
de-ejj 1
dic-ejj 1
dfc-ejj 1
eig-ejj 1
bci-ejj 1
baa-ejj 1
ehc-ejj 1
cbc-ejj 1
bhi-ejj 1
eci-ejj 1
dgi-ejj 1
ebi-ejj 1
efa-ejj 1
dcg-ejj 1
cca-ejj 1
eda-ejj 1
498
1
ejh-eji 4
497
2
ejj-ejh 1
ejg-ejh 1
496
1
ejf-ejg 1
495
2
ejj-ejf 1
eje-ejf 2
494
1
ejd-eje 6
493
2
ejj-ejd 2
ejc-ejd 1
492
1
ejb-ejc 3
491
2
ejj-ejb 2
eja-ejb 1
490
1
eij-eja 1
489
2
ejj-eij 2
eii-eij 1
488
1
eih-eii 1
487
1
eig-eih 1
486
1
eif-eig 1
485
1
eie-eif 1
484
1
eid-eie 1
483
1
eic-eid 2
482
1
eib-eic 6
481
2
ejj-eib 1
eia-eib 1
480
1
ehj-eia 2
479
2
ejj-ehj 1
ehi-ehj 3
478
1
ehh-ehi 3
477
2
ejj-ehh 1
ehg-ehh 3
476
1
ehf-ehg 8
475
2
ejj-ehf 1
ehe-ehf 1
474
1
ehd-ehe 1
473
2
ehc-ehd 1
ejj-ehd 1
472
1
ehb-ehc 2
471
2
eha-ehb 1
ejj-ehb 1
470
1
egj-eha 2
469
2
ejj-egj 1
egi-egj 3
468
1
egh-egi 3
467
2
ejj-egh 5
egg-egh 1
466
1
egf-egg 6
465
2
ejj-egf 1
ege-egf 2
464
1
egd-ege 1
463
2
egc-egd 1
ejj-egd 1
462
1
egb-egc 3
461
2
ejj-egb 1
ega-egb 5
460
1
efj-ega 3
459
2
ejj-efj 1
efi-efj 3
458
1
efh-efi 12
457
2
efg-efh 1
ejj-efh 1
456
1
eff-efg 4
455
2
ejj-eff 1
efe-eff 1
454
1
efd-efe 4
453
2
ejj-efd 1
efc-efd 1
452
1
efb-efc 1
451
2
efa-efb 3
ejj-efb 1
450
1
eej-efa 2
449
1
eei-eej 8
448
1
eeh-eei 1
447
2
ejj-eeh 1
eeg-eeh 2
446
1
eef-eeg 1
445
2
eee-eef 1
ejj-eef 2
444
1
eed-eee 1
443
2
ejj-eed 1
eec-eed 1
442
1
eeb-eec 2
441
2
eea-eeb 1
ejj-eeb 1
440
1
edj-eea 2
439
2
ejj-edj 1
edi-edj 1
438
1
edh-edi 3
437
2
ejj-edh 1
edg-edh 2
436
1
edf-edg 2
435
2
ede-edf 1
ejj-edf 1
434
1
edd-ede 8
433
2
ejj-edd 1
edc-edd 1
432
1
edb-edc 2
431
2
eda-edb 1
ejj-edb 1
430
1
ecj-eda 1
429
2
ejj-ecj 1
eci-ecj 3
428
1
ech-eci 4
427
2
ecg-ech 1
ejj-ech 1
426
1
ecf-ecg 1
425
2
ece-ecf 1
ejj-ecf 1
424
1
ecd-ece 2
423
2
ejj-ecd 1
ecc-ecd 8
422
1
ecb-ecc 1
421
2
eca-ecb 1
ejj-ecb 1
420
1
ebj-eca 1
419
2
ebi-ebj 2
ejj-ebj 1
418
1
ebh-ebi 3
417
2
ebg-ebh 3
ejj-ebh 1
416
1
ebf-ebg 3
415
2
ebe-ebf 3
ejj-ebf 1
414
1
ebd-ebe 5
413
2
ejj-ebd 1
ebc-ebd 3
412
1
ebb-ebc 1
411
2
ejj-ebb 1
eba-ebb 9
410
1
eaj-eba 1
409
2
ejj-eaj 2
eai-eaj 1
408
1
eah-eai 2
407
2
ejj-eah 1
eag-eah 3
406
1
eaf-eag 1
405
2
ejj-eaf 2
eae-eaf 1
404
1
ead-eae 1
403
2
ejj-ead 1
eac-ead 1
402
1
eab-eac 4
401
1
eaa-eab 6
400
1
djj-eaa 1
399
2
dji-djj 1
ejj-djj 1
398
1
djh-dji 4
397
2
ejj-djh 1
djg-djh 1
396
1
djf-djg 1
395
1
dje-djf 1
394
1
djd-dje 1
393
2
ejj-djd 1
djc-djd 2
392
1
djb-djc 6
391
2
ejj-djb 1
dja-djb 1
390
1
dij-dja 1
389
2
dii-dij 1
ejj-dij 1
388
1
dih-dii 1
387
2
dig-dih 3
ejj-dih 3
386
1
dif-dig 1
385
2
ejj-dif 1
die-dif 9
384
1
did-die 3
383
2
dic-did 1
ejj-did 1
382
1
dib-dic 3
381
2
ejj-dib 7
dia-dib 1
380
1
dhj-dia 10
379
2
ejj-dhj 1
dhi-dhj 6
378
1
dhh-dhi 3
377
2
ejj-dhh 1
dhg-dhh 3
376
1
dhf-dhg 4
375
2
ejj-dhf 1
dhe-dhf 1
374
1
dhd-dhe 3
373
2
ejj-dhd 1
dhc-dhd 1
372
1
dhb-dhc 4
371
2
ejj-dhb 1
dha-dhb 1
370
1
dgj-dha 1
369
2
ejj-dgj 1
dgi-dgj 1
368
1
dgh-dgi 1
367
2
ejj-dgh 1
dgg-dgh 3
366
1
dgf-dgg 1
365
2
dge-dgf 4
ejj-dgf 1
364
1
dgd-dge 5
363
2
ejj-dgd 1
dgc-dgd 3
362
1
dgb-dgc 3
361
2
ejj-dgb 2
dga-dgb 4
360
1
dfj-dga 2
359
2
ejj-dfj 1
dfi-dfj 2
358
1
dfh-dfi 2
357
2
dfg-dfh 2
ejj-dfh 15
356
1
dff-dfg 1
355
2
dfe-dff 3
ejj-dff 5
354
1
dfd-dfe 3
353
1
dfc-dfd 2
352
1
dfb-dfc 3
351
1
dfa-dfb 3
350
1
dej-dfa 3
349
2
ejj-dej 1
dei-dej 6
348
1
deh-dei 4
347
2
ejj-deh 1
deg-deh 7
346
1
def-deg 1
345
2
dee-def 1
ejj-def 1
344
1
ded-dee 1
343
2
ejj-ded 1
dec-ded 2
342
1
deb-dec 14
341
2
ejj-deb 1
dea-deb 1
340
1
ddj-dea 4
339
2
ddi-ddj 3
ejj-ddj 1
338
1
ddh-ddi 2
337
1
ddg-ddh 4
336
1
ddf-ddg 2
335
2
ejj-ddf 1
dde-ddf 1
334
1
ddd-dde 2
333
2
ejj-ddd 1
ddc-ddd 1
332
1
ddb-ddc 3
331
2
dda-ddb 1
ejj-ddb 1
330
1
dcj-dda 1
329
2
ejj-dcj 1
dci-dcj 3
328
1
dch-dci 3
327
2
ejj-dch 1
dcg-dch 1
326
1
dcf-dcg 2
325
2
ejj-dcf 1
dce-dcf 2
324
1
dcd-dce 1
323
2
ejj-dcd 1
dcc-dcd 2
322
1
dcb-dcc 10
321
2
ejj-dcb 3
dca-dcb 3
320
1
dbj-dca 3
319
2
ejj-dbj 1
dbi-dbj 2
318
1
dbh-dbi 4
317
2
dbg-dbh 3
ejj-dbh 1
316
1
dbf-dbg 8
315
2
ejj-dbf 1
dbe-dbf 4
314
1
dbd-dbe 1
313
2
dbc-dbd 1
ejj-dbd 1
312
1
dbb-dbc 1
311
2
ejj-dbb 1
dba-dbb 1
310
1
daj-dba 6
309
2
dai-daj 3
ejj-daj 2
308
1
dah-dai 1
307
2
ejj-dah 3
dag-dah 2
306
1
daf-dag 4
305
2
dae-daf 2
ejj-daf 1
304
1
dad-dae 3
303
2
ejj-dad 1
dac-dad 1
302
1
dab-dac 1
301
1
daa-dab 1
300
1
cjj-daa 1
299
2
cji-cjj 1
ejj-cjj 2
298
1
cjh-cji 4
297
2
ejj-cjh 1
cjg-cjh 1
296
1
cjf-cjg 3
295
2
ejj-cjf 1
cje-cjf 1
294
1
cjd-cje 1
293
2
ejj-cjd 1
cjc-cjd 1
292
1
cjb-cjc 1
291
2
ejj-cjb 1
cja-cjb 1
290
1
cij-cja 1
289
1
cii-cij 3
288
1
cih-cii 2
287
2
cig-cih 2
ejj-cih 1
286
1
cif-cig 6
285
2
cie-cif 1
ejj-cif 1
284
1
cid-cie 3
283
2
ejj-cid 1
cic-cid 3
282
1
cib-cic 5
281
2
ejj-cib 1
cia-cib 3
280
1
chj-cia 1
279
2
chi-chj 1
ejj-chj 1
278
1
chh-chi 3
277
1
chg-chh 5
276
1
chf-chg 1
275
2
ejj-chf 1
che-chf 1
274
1
chd-che 4
273
2
ejj-chd 3
chc-chd 5
272
1
chb-chc 3
271
2
ejj-chb 1
cha-chb 3
270
1
cgj-cha 3
269
1
cgi-cgj 1
268
1
cgh-cgi 5
267
1
cgg-cgh 1
266
1
cgf-cgg 2
265
2
ejj-cgf 1
cge-cgf 2
264
1
cgd-cge 1
263
2
ejj-cgd 5
cgc-cgd 1
262
1
cgb-cgc 3
261
2
ejj-cgb 1
cga-cgb 3
260
1
cfj-cga 4
259
2
ejj-cfj 4
cfi-cfj 1
258
1
cfh-cfi 1
257
2
ejj-cfh 3
cfg-cfh 3
256
1
cff-cfg 5
255
2
cfe-cff 1
ejj-cff 1
254
1
cfd-cfe 1
253
2
cfc-cfd 4
ejj-cfd 6
252
1
cfb-cfc 3
251
2
ejj-cfb 1
cfa-cfb 1
250
1
cej-cfa 1
249
1
cei-cej 1
248
1
ceh-cei 1
247
2
ejj-ceh 2
ceg-ceh 5
246
1
cef-ceg 2
245
2
ejj-cef 1
cee-cef 2
244
1
ced-cee 4
243
2
cec-ced 1
ejj-ced 1
242
1
ceb-cec 3
241
2
ejj-ceb 1
cea-ceb 1
240
1
cdj-cea 1
239
2
ejj-cdj 1
cdi-cdj 1
238
1
cdh-cdi 5
237
2
ejj-cdh 1
cdg-cdh 1
236
1
cdf-cdg 8
235
2
ejj-cdf 1
cde-cdf 2
234
1
cdd-cde 2
233
2
ejj-cdd 1
cdc-cdd 1
232
1
cdb-cdc 1
231
2
cda-cdb 1
ejj-cdb 1
230
1
ccj-cda 3
229
2
cci-ccj 1
ejj-ccj 1
228
1
cch-cci 7
227
2
ejj-cch 1
ccg-cch 1
226
1
ccf-ccg 1
225
2
ejj-ccf 1
cce-ccf 1
224
1
ccd-cce 2
223
2
ejj-ccd 1
ccc-ccd 1
222
1
ccb-ccc 1
221
2
ejj-ccb 1
cca-ccb 2
220
1
cbj-cca 4
219
2
ejj-cbj 1
cbi-cbj 3
218
1
cbh-cbi 2
217
2
cbg-cbh 2
ejj-cbh 3
216
1
cbf-cbg 11
215
2
cbe-cbf 1
ejj-cbf 1
214
1
cbd-cbe 4
213
2
cbc-cbd 4
ejj-cbd 1
212
1
cbb-cbc 8
211
2
ejj-cbb 1
cba-cbb 5
210
1
caj-cba 4
209
2
ejj-caj 1
cai-caj 1
208
1
cah-cai 2
207
1
cag-cah 2
206
1
caf-cag 2
205
2
ejj-caf 1
cae-caf 1
204
1
cad-cae 8
203
2
cac-cad 4
ejj-cad 3
202
1
cab-cac 3
201
1
caa-cab 2
200
1
bjj-caa 13
199
2
ejj-bjj 7
bji-bjj 7
198
1
bjh-bji 1
197
2
bjg-bjh 1
ejj-bjh 1
196
1
bjf-bjg 7
195
2
ejj-bjf 1
bje-bjf 6
194
1
bjd-bje 3
193
2
ejj-bjd 1
bjc-bjd 1
192
1
bjb-bjc 4
191
2
bja-bjb 2
ejj-bjb 1
190
1
bij-bja 3
189
2
bii-bij 1
ejj-bij 1
188
1
bih-bii 2
187
2
ejj-bih 2
big-bih 5
186
1
bif-big 4
185
2
ejj-bif 7
bie-bif 1
184
1
bid-bie 2
183
2
ejj-bid 1
bic-bid 2
182
1
bib-bic 1
181
2
bia-bib 2
ejj-bib 1
180
1
bhj-bia 9
179
2
bhi-bhj 3
ejj-bhj 1
178
1
bhh-bhi 1
177
2
ejj-bhh 2
bhg-bhh 1
176
1
bhf-bhg 1
175
2
ejj-bhf 2
bhe-bhf 1
174
1
bhd-bhe 4
173
2
ejj-bhd 1
bhc-bhd 2
172
1
bhb-bhc 4
171
2
bha-bhb 2
ejj-bhb 1
170
1
bgj-bha 7
169
2
bgi-bgj 4
ejj-bgj 1
168
1
bgh-bgi 3
167
2
bgg-bgh 2
ejj-bgh 2
166
1
bgf-bgg 5
165
2
bge-bgf 3
ejj-bgf 3
164
1
bgd-bge 3
163
2
ejj-bgd 1
bgc-bgd 2
162
1
bgb-bgc 1
161
1
bga-bgb 5
160
1
bfj-bga 7
159
2
ejj-bfj 1
bfi-bfj 1
158
1
bfh-bfi 7
157
2
ejj-bfh 1
bfg-bfh 4
156
1
bff-bfg 1
155
2
ejj-bff 1
bfe-bff 2
154
1
bfd-bfe 15
153
2
ejj-bfd 1
bfc-bfd 1
152
1
bfb-bfc 4
151
2
ejj-bfb 3
bfa-bfb 3
150
1
bej-bfa 2
149
2
ejj-bej 1
bei-bej 1
148
1
beh-bei 4
147
1
beg-beh 4
146
1
bef-beg 2
145
2
bee-bef 1
ejj-bef 1
144
1
bed-bee 5
143
2
bec-bed 3
ejj-bed 1
142
1
beb-bec 3
141
2
ejj-beb 1
bea-beb 2
140
1
bdj-bea 1
139
2
ejj-bdj 3
bdi-bdj 3
138
1
bdh-bdi 7
137
2
ejj-bdh 1
bdg-bdh 2
136
1
bdf-bdg 2
135
2
ejj-bdf 1
bde-bdf 3
134
1
bdd-bde 3
133
2
ejj-bdd 1
bdc-bdd 1
132
1
bdb-bdc 1
131
2
ejj-bdb 2
bda-bdb 2
130
1
bcj-bda 5
129
2
bci-bcj 1
ejj-bcj 1
128
1
bch-bci 1
127
2
ejj-bch 2
bcg-bch 4
126
1
bcf-bcg 1
125
2
ejj-bcf 2
bce-bcf 3
124
1
bcd-bce 2
123
1
ejj-bcd 2
122
1
bcb-bcc 2
121
1
ejj-bcb 4
120
1
bbj-bca 2
119
2
ejj-bbj 1
bbi-bbj 3
118
1
bbh-bbi 1
117
1
ejj-bbh 5
116
1
bbf-bbg 1
115
1
bbe-bbf 1
114
1
bbd-bbe 1
113
2
ejj-bbd 2
bbc-bbd 5
112
1
bbb-bbc 3
111
2
bba-bbb 1
ejj-bbb 3
110
1
baj-bba 1
109
2
bai-baj 2
ejj-baj 1
108
1
bah-bai 3
107
2
ejj-bah 2
bag-bah 1
106
1
baf-bag 1
105
2
ejj-baf 1
bae-baf 2
104
1
bad-bae 7
103
2
ejj-bad 1
bac-bad 1
102
1
bab-bac 3
101
1
baa-bab 1
100
1
jj-baa 5
99
2
ejj-jj 1
ji-jj 5
98
1
jh-ji 1
97
2
ejj-jh 1
jg-jh 1
96
1
jf-jg 1
95
2
ejj-jf 1
je-jf 1
94
1
jd-je 5
93
2
ejj-jd 1
jc-jd 1
92
1
jb-jc 5
91
2
ejj-jb 1
ja-jb 4
90
1
ij-ja 1
89
2
ejj-ij 1
ii-ij 1
88
1
ih-ii 6
87
2
ejj-ih 1
ig-ih 1
86
1
if-ig 7
85
2
ejj-if 2
ie-if 1
84
1
id-ie 2
83
2
ejj-id 2
ic-id 5
82
1
ib-ic 2
81
2
ia-ib 1
ejj-ib 1
80
1
hj-ia 1
79
2
ejj-hj 5
hi-hj 1
78
1
hh-hi 4
77
2
hg-hh 1
ejj-hh 1
76
1
hf-hg 1
75
2
he-hf 1
ejj-hf 1
74
1
hd-he 1
73
2
hc-hd 1
ejj-hd 1
72
1
hb-hc 4
71
2
ha-hb 3
ejj-hb 1
70
1
gj-ha 6
69
2
gi-gj 1
ejj-gj 1
68
1
gh-gi 2
67
2
ejj-gh 1
gg-gh 1
66
1
gf-gg 1
65
2
ge-gf 2
ejj-gf 1
64
1
gd-ge 5
63
2
ejj-gd 2
gc-gd 9
62
1
gb-gc 3
61
2
ejj-gb 6
ga-gb 1
60
1
fj-ga 2
59
2
ejj-fj 1
fi-fj 3
58
1
fh-fi 5
57
2
ejj-fh 3
fg-fh 5
56
1
ff-fg 3
55
2
fe-ff 2
ejj-ff 1
54
1
fd-fe 1
53
1
fc-fd 3
52
1
fb-fc 1
51
2
fa-fb 4
ejj-fb 1
50
1
ej-fa 2
49
2
ei-ej 2
ejj-ej 1
48
1
eh-ei 1
47
1
ejj-eh 2
46
1
ef-eg 7
45
1
ee-ef 4
44
1
ed-ee 3
43
1
ec-ed 4
42
1
eb-ec 7
41
2
ejj-eb 1
ea-eb 1
40
1
dj-ea 7
39
2
di-dj 3
ejj-dj 1
38
1
dh-di 3
37
2
dg-dh 1
ejj-dh 1
36
1
df-dg 1
35
2
ejj-df 1
de-df 1
34
1
dd-de 5
33
2
ejj-dd 1
dc-dd 2
32
1
db-dc 2
31
2
ejj-db 1
da-db 3
30
1
cj-da 5
29
2
ejj-cj 1
ci-cj 1
28
1
ch-ci 1
27
2
ejj-ch 1
cg-ch 1
26
1
cf-cg 1
25
2
ejj-cf 6
ce-cf 3
24
1
cd-ce 1
23
2
cc-cd 1
ejj-cd 1
22
1
cb-cc 5
21
2
ejj-cb 1
ca-cb 1
20
1
bj-ca 3
19
2
ejj-bj 1
bi-bj 3
18
1
bh-bi 2
17
2
ejj-bh 1
bg-bh 1
16
1
bf-bg 1
15
2
ejj-bf 1
be-bf 4
14
1
bd-be 4
13
2
bc-bd 2
ejj-bd 1
12
1
bb-bc 3
11
2
ejj-bb 1
ba-bb 1
10
1
j-ba 1
9
2
i-j 3
ejj-j 1
8
1
h-i 5
7
2
g-h 1
ejj-h 2
6
1
f-g 1
5
2
ejj-f 1
e-f 3
4
1
d-e 1
3
2
ejj-d 1
c-d 4
2
1
b-c 1
1
2
a-b 1
ejj-b 1
0
1
eji-a 1
